Archive member included to satisfy reference by file (symbol)

c:/program files (x86)/atmel/studio/7.0/toolchain/avr8/avr8-gnu-toolchain/bin/../lib/gcc/avr/4.9.2/avrxmega6\libgcc.a(_udivmodsi4.o)
                              main.o (__udivmodsi4)
c:/program files (x86)/atmel/studio/7.0/toolchain/avr8/avr8-gnu-toolchain/bin/../lib/gcc/avr/4.9.2/avrxmega6\libgcc.a(_divmodsi4.o)
                              main.o (__divmodsi4)
c:/program files (x86)/atmel/studio/7.0/toolchain/avr8/avr8-gnu-toolchain/bin/../lib/gcc/avr/4.9.2/avrxmega6\libgcc.a(_negsi2.o)
                              c:/program files (x86)/atmel/studio/7.0/toolchain/avr8/avr8-gnu-toolchain/bin/../lib/gcc/avr/4.9.2/avrxmega6\libgcc.a(_divmodsi4.o) (__negsi2)
c:/program files (x86)/atmel/studio/7.0/toolchain/avr8/avr8-gnu-toolchain/bin/../lib/gcc/avr/4.9.2/avrxmega6\libgcc.a(_exit.o)
                              C:/Program Files (x86)/Atmel/Studio/7.0/Packs/atmel/XMEGAC_DFP/1.0.27/gcc/dev/atxmega384c3/avrxmega6/crtatxmega384c3.o (exit)
c:/program files (x86)/atmel/studio/7.0/toolchain/avr8/avr8-gnu-toolchain/bin/../lib/gcc/avr/4.9.2/avrxmega6\libgcc.a(_copy_data.o)
                              Additional_Drivers/ssd1306/font.o (__do_copy_data)
c:/program files (x86)/atmel/studio/7.0/toolchain/avr8/avr8-gnu-toolchain/bin/../lib/gcc/avr/4.9.2/avrxmega6\libgcc.a(_clear_bss.o)
                              main.o (__do_clear_bss)
c:/program files (x86)/atmel/studio/7.0/toolchain/avr8/avr8-gnu-toolchain/bin/../lib/gcc/avr/4.9.2/avrxmega6\libgcc.a(_mulshisi3.o)
                              main.o (__mulshisi3)
c:/program files (x86)/atmel/studio/7.0/toolchain/avr8/avr8-gnu-toolchain/bin/../lib/gcc/avr/4.9.2/avrxmega6\libgcc.a(_muluhisi3.o)
                              c:/program files (x86)/atmel/studio/7.0/toolchain/avr8/avr8-gnu-toolchain/bin/../lib/gcc/avr/4.9.2/avrxmega6\libgcc.a(_mulshisi3.o) (__muluhisi3)
c:/program files (x86)/atmel/studio/7.0/toolchain/avr8/avr8-gnu-toolchain/bin/../lib/gcc/avr/4.9.2/avrxmega6\libgcc.a(_umulhisi3.o)
                              c:/program files (x86)/atmel/studio/7.0/toolchain/avr8/avr8-gnu-toolchain/bin/../lib/gcc/avr/4.9.2/avrxmega6\libgcc.a(_muluhisi3.o) (__umulhisi3)
c:/program files (x86)/atmel/studio/7.0/toolchain/avr8/avr8-gnu-toolchain/bin/../lib/gcc/avr/4.9.2/../../../../avr/lib/avrxmega6\libc.a(atoi.o)
                              main.o (atoi)
c:/program files (x86)/atmel/studio/7.0/toolchain/avr8/avr8-gnu-toolchain/bin/../lib/gcc/avr/4.9.2/../../../../avr/lib/avrxmega6\libc.a(strtok.o)
                              main.o (strtok)
c:/program files (x86)/atmel/studio/7.0/toolchain/avr8/avr8-gnu-toolchain/bin/../lib/gcc/avr/4.9.2/../../../../avr/lib/avrxmega6\libc.a(strcmp.o)
                              main.o (strcmp)
c:/program files (x86)/atmel/studio/7.0/toolchain/avr8/avr8-gnu-toolchain/bin/../lib/gcc/avr/4.9.2/../../../../avr/lib/avrxmega6\libc.a(strcpy.o)
                              main.o (strcpy)
c:/program files (x86)/atmel/studio/7.0/toolchain/avr8/avr8-gnu-toolchain/bin/../lib/gcc/avr/4.9.2/../../../../avr/lib/avrxmega6\libc.a(strtok_r.o)
                              c:/program files (x86)/atmel/studio/7.0/toolchain/avr8/avr8-gnu-toolchain/bin/../lib/gcc/avr/4.9.2/../../../../avr/lib/avrxmega6\libc.a(strtok.o) (strtok_r)
c:/program files (x86)/atmel/studio/7.0/toolchain/avr8/avr8-gnu-toolchain/bin/../lib/gcc/avr/4.9.2/../../../../avr/lib/avrxmega6\libc.a(mul10.o)
                              c:/program files (x86)/atmel/studio/7.0/toolchain/avr8/avr8-gnu-toolchain/bin/../lib/gcc/avr/4.9.2/../../../../avr/lib/avrxmega6\libc.a(atoi.o) (__mulhi_const_10)
c:/program files (x86)/atmel/studio/7.0/toolchain/avr8/avr8-gnu-toolchain/bin/../lib/gcc/avr/4.9.2/../../../../avr/lib/avrxmega6\libc.a(iob.o)
                              main.o (__iob)
c:/program files (x86)/atmel/studio/7.0/toolchain/avr8/avr8-gnu-toolchain/bin/../lib/gcc/avr/4.9.2/../../../../avr/lib/avrxmega6\libc.a(printf.o)
                              main.o (printf)
c:/program files (x86)/atmel/studio/7.0/toolchain/avr8/avr8-gnu-toolchain/bin/../lib/gcc/avr/4.9.2/../../../../avr/lib/avrxmega6\libc.a(puts.o)
                              main.o (puts)
c:/program files (x86)/atmel/studio/7.0/toolchain/avr8/avr8-gnu-toolchain/bin/../lib/gcc/avr/4.9.2/../../../../avr/lib/avrxmega6\libc.a(sprintf.o)
                              main.o (sprintf)
c:/program files (x86)/atmel/studio/7.0/toolchain/avr8/avr8-gnu-toolchain/bin/../lib/gcc/avr/4.9.2/../../../../avr/lib/avrxmega6\libc.a(vfprintf_std.o)
                              c:/program files (x86)/atmel/studio/7.0/toolchain/avr8/avr8-gnu-toolchain/bin/../lib/gcc/avr/4.9.2/../../../../avr/lib/avrxmega6\libc.a(printf.o) (vfprintf)
c:/program files (x86)/atmel/studio/7.0/toolchain/avr8/avr8-gnu-toolchain/bin/../lib/gcc/avr/4.9.2/../../../../avr/lib/avrxmega6\libc.a(strnlen_P.o)
                              c:/program files (x86)/atmel/studio/7.0/toolchain/avr8/avr8-gnu-toolchain/bin/../lib/gcc/avr/4.9.2/../../../../avr/lib/avrxmega6\libc.a(vfprintf_std.o) (strnlen_P)
c:/program files (x86)/atmel/studio/7.0/toolchain/avr8/avr8-gnu-toolchain/bin/../lib/gcc/avr/4.9.2/../../../../avr/lib/avrxmega6\libc.a(strnlen.o)
                              c:/program files (x86)/atmel/studio/7.0/toolchain/avr8/avr8-gnu-toolchain/bin/../lib/gcc/avr/4.9.2/../../../../avr/lib/avrxmega6\libc.a(vfprintf_std.o) (strnlen)
c:/program files (x86)/atmel/studio/7.0/toolchain/avr8/avr8-gnu-toolchain/bin/../lib/gcc/avr/4.9.2/../../../../avr/lib/avrxmega6\libc.a(fputc.o)
                              c:/program files (x86)/atmel/studio/7.0/toolchain/avr8/avr8-gnu-toolchain/bin/../lib/gcc/avr/4.9.2/../../../../avr/lib/avrxmega6\libc.a(vfprintf_std.o) (fputc)
c:/program files (x86)/atmel/studio/7.0/toolchain/avr8/avr8-gnu-toolchain/bin/../lib/gcc/avr/4.9.2/../../../../avr/lib/avrxmega6\libc.a(ultoa_invert.o)
                              c:/program files (x86)/atmel/studio/7.0/toolchain/avr8/avr8-gnu-toolchain/bin/../lib/gcc/avr/4.9.2/../../../../avr/lib/avrxmega6\libc.a(vfprintf_std.o) (__ultoa_invert)

Allocating common symbols
Common symbol       size              file

esp8266_rx_buff_charcount
                    0x2               main.o
esp8266_rx_buff     0x1f4             main.o
__iob               0x6               c:/program files (x86)/atmel/studio/7.0/toolchain/avr8/avr8-gnu-toolchain/bin/../lib/gcc/avr/4.9.2/../../../../avr/lib/avrxmega6\libc.a(iob.o)

Discarded input sections

 .data          0x00000000        0x0 C:/Program Files (x86)/Atmel/Studio/7.0/Packs/atmel/XMEGAC_DFP/1.0.27/gcc/dev/atxmega384c3/avrxmega6/crtatxmega384c3.o
 .bss           0x00000000        0x0 C:/Program Files (x86)/Atmel/Studio/7.0/Packs/atmel/XMEGAC_DFP/1.0.27/gcc/dev/atxmega384c3/avrxmega6/crtatxmega384c3.o
 .text          0x00000000        0x0 Additional_Drivers/ssd1306/font.o
 .data          0x00000000        0x0 Additional_Drivers/ssd1306/font.o
 .bss           0x00000000        0x0 Additional_Drivers/ssd1306/font.o
 .text          0x00000000        0x0 main.o
 .data          0x00000000        0x0 main.o
 .bss           0x00000000        0x0 main.o
 .text.rtc_prescale
                0x00000000        0x6 main.o
 .text.rtc_compare_interrupt_lvl
                0x00000000       0x1a main.o
 .text.rtc_overflow_interrupt_lvl
                0x00000000       0x12 main.o
 .text.CCPWrite
                0x00000000       0x28 main.o
 .text.CLKSYS_XOSC_Config
                0x00000000       0x14 main.o
 .text.CLKSYS_PLL_Config
                0x00000000        0xa main.o
 .text.CLKSYS_Disable
                0x00000000       0x14 main.o
 .text.CLKSYS_Prescalers_Config
                0x00000000        0xc main.o
 .text.CLKSYS_Main_ClockSource_Select
                0x00000000       0x2a main.o
 .text.CLKSYS_RTC_ClockSource_Enable
                0x00000000       0x10 main.o
 .text.CLKSYS_AutoCalibration_Enable
                0x00000000       0x28 main.o
 .text.CLKSYS_XOSC_FailureDetection_Enable
                0x00000000        0xc main.o
 .text.CLKSYS_Configuration_Lock
                0x00000000        0xc main.o
 .text.disable_oscillator
                0x00000000        0xc main.o
 .text.sysclk_prescaler
                0x00000000        0xc main.o
 .text.clksys_lock
                0x00000000        0x8 main.o
 .text.rtc_clock_source
                0x00000000        0x6 main.o
 .text.enable_rtc
                0x00000000        0xc main.o
 .text.disable_rtc
                0x00000000        0xc main.o
 .text.PORT_ConfigureInterrupt0
                0x00000000        0xe main.o
 .text.PORT_ConfigureInterrupt1
                0x00000000        0xe main.o
 .text.PORT_ConfigurePins
                0x00000000       0x32 main.o
 .text.port_interrupt_0_config
                0x00000000       0x12 main.o
 .text.port_interrupt_1_config
                0x00000000       0x16 main.o
 .text.port_remap_SPI_enable
                0x00000000       0x18 main.o
 .text.port_remap_USART0_enable
                0x00000000       0x18 main.o
 .text.port_remap_TC0D_enable
                0x00000000       0x18 main.o
 .text.port_remap_TC0C_enable
                0x00000000       0x18 main.o
 .text.port_remap_TC0B_enable
                0x00000000       0x18 main.o
 .text.port_remap_TC0A_enable
                0x00000000       0x18 main.o
 .text.port_pin_configuration
                0x00000000       0x36 main.o
 .text.SPI_MasterInit
                0x00000000       0x5e main.o
 .text.SPI_SlaveInit
                0x00000000       0x36 main.o
 .text.SPI_MasterCreateDataPacket
                0x00000000       0x24 main.o
 .text.SPI_MasterInterruptHandler
                0x00000000       0x80 main.o
 .text.SPI_MasterInterruptTransceivePacket
                0x00000000       0x6e main.o
 .text.SPI_MasterTransceiveByte
                0x00000000       0x18 main.o
 .text.SPI_MasterTransceivePacket
                0x00000000       0xbe main.o
 .text.spi_enable
                0x00000000       0x18 main.o
 .text.spi_data_order
                0x00000000       0x18 main.o
 .text.spi_master_mode_enable
                0x00000000       0x18 main.o
 .text.spi_transfer_mode
                0x00000000       0x14 main.o
 .text.spi_prescalar
                0x00000000       0x10 main.o
 .text.spi_interrupt_level
                0x00000000        0x6 main.o
 .text.spi_write_collision_flag_read
                0x00000000        0xc main.o
 .text.spi_trade_byte
                0x00000000       0x16 main.o
 .text.USART_InterruptDriver_Initialize
                0x00000000       0x12 main.o
 .text.USART_InterruptDriver_DreInterruptLevel_Set
                0x00000000        0x6 main.o
 .text.USART_TXBuffer_FreeSpace
                0x00000000       0x14 main.o
 .text.USART_TXBuffer_PutByte
                0x00000000       0x38 main.o
 .text.USART_RXBufferData_Available
                0x00000000       0x10 main.o
 .text.USART_RXBuffer_GetByte
                0x00000000       0x18 main.o
 .text.USART_RXComplete
                0x00000000       0x2a main.o
 .text.USART_DataRegEmpty
                0x00000000       0x34 main.o
 .text.USART_NineBits_PutChar
                0x00000000       0x18 main.o
 .text.USART_NineBits_GetChar
                0x00000000       0x18 main.o
 .text.usart_config
                0x00000000       0x64 main.o
 .text.usart_baud
                0x00000000       0xb6 main.o
 .text.usart_set_interrupt_level
                0x00000000        0xa main.o
 .text.usart_transmit_by_ref
                0x00000000       0x10 main.o
 .text.usart_receive_by_val
                0x00000000        0xc main.o
 .text.USARTE0_putchar
                0x00000000       0x20 main.o
 .text.USARTE0_getchar
                0x00000000       0x36 main.o
 .text.set_stdio_stream
                0x00000000        0xe main.o
 .text.ssd1306_read_data
                0x00000000        0x4 main.o
 .text.gfx_mono_set_framebuffer
                0x00000000        0xa main.o
 .text.gfx_mono_framebuffer_put_page
                0x00000000       0x28 main.o
 .text.gfx_mono_ssd1306_put_page
                0x00000000       0x4e main.o
 .text.gfx_mono_ssd1306_put_framebuffer
                0x00000000       0x36 main.o
 .text.gfx_mono_framebuffer_get_page
                0x00000000       0x28 main.o
 .text.gfx_mono_ssd1306_get_page
                0x00000000        0x6 main.o
 .text.gfx_mono_ssd1306_init
                0x00000000       0x40 main.o
 .text.gfx_mono_ssd1306_get_byte
                0x00000000        0x6 main.o
 .text.gfx_mono_framebuffer_draw_pixel
                0x00000000       0x7e main.o
 .text.gfx_mono_framebuffer_get_pixel
                0x00000000       0x58 main.o
 .text.gfx_mono_ssd1306_mask_byte
                0x00000000       0x42 main.o
 .text.gfx_mono_ssd1306_get_pixel
                0x00000000       0x58 main.o
 .text.gfx_mono_ssd1306_draw_pixel
                0x00000000       0x80 main.o
 .text.gfx_mono_framebuffer_mask_byte
                0x00000000       0x42 main.o
 .text.esp8266_uart_setup
                0x00000000      0x136 main.o
 .text.esp8266_sta_connect
                0x00000000       0x4a main.o
 .text.esp8266_sta_disconnect
                0x00000000       0x4a main.o
 .text.esp8288_net_create_connection
                0x00000000        0x2 main.o
 .text.esp8266_mqtt_client_close
                0x00000000       0x6a main.o
 .text.esp8266_mqtt_client_lwt
                0x00000000       0x7a main.o
 .data.esp8266_rx_buff_read_p
                0x00000000        0x2 main.o
 .text          0x00000000        0x0 c:/program files (x86)/atmel/studio/7.0/toolchain/avr8/avr8-gnu-toolchain/bin/../lib/gcc/avr/4.9.2/avrxmega6\libgcc.a(_udivmodsi4.o)
 .data          0x00000000        0x0 c:/program files (x86)/atmel/studio/7.0/toolchain/avr8/avr8-gnu-toolchain/bin/../lib/gcc/avr/4.9.2/avrxmega6\libgcc.a(_udivmodsi4.o)
 .bss           0x00000000        0x0 c:/program files (x86)/atmel/studio/7.0/toolchain/avr8/avr8-gnu-toolchain/bin/../lib/gcc/avr/4.9.2/avrxmega6\libgcc.a(_udivmodsi4.o)
 .text.libgcc.mul
                0x00000000        0x0 c:/program files (x86)/atmel/studio/7.0/toolchain/avr8/avr8-gnu-toolchain/bin/../lib/gcc/avr/4.9.2/avrxmega6\libgcc.a(_udivmodsi4.o)
 .text.libgcc   0x00000000        0x0 c:/program files (x86)/atmel/studio/7.0/toolchain/avr8/avr8-gnu-toolchain/bin/../lib/gcc/avr/4.9.2/avrxmega6\libgcc.a(_udivmodsi4.o)
 .text.libgcc.prologue
                0x00000000        0x0 c:/program files (x86)/atmel/studio/7.0/toolchain/avr8/avr8-gnu-toolchain/bin/../lib/gcc/avr/4.9.2/avrxmega6\libgcc.a(_udivmodsi4.o)
 .text.libgcc.builtins
                0x00000000        0x0 c:/program files (x86)/atmel/studio/7.0/toolchain/avr8/avr8-gnu-toolchain/bin/../lib/gcc/avr/4.9.2/avrxmega6\libgcc.a(_udivmodsi4.o)
 .text.libgcc.fmul
                0x00000000        0x0 c:/program files (x86)/atmel/studio/7.0/toolchain/avr8/avr8-gnu-toolchain/bin/../lib/gcc/avr/4.9.2/avrxmega6\libgcc.a(_udivmodsi4.o)
 .text.libgcc.fixed
                0x00000000        0x0 c:/program files (x86)/atmel/studio/7.0/toolchain/avr8/avr8-gnu-toolchain/bin/../lib/gcc/avr/4.9.2/avrxmega6\libgcc.a(_udivmodsi4.o)
 .text          0x00000000        0x0 c:/program files (x86)/atmel/studio/7.0/toolchain/avr8/avr8-gnu-toolchain/bin/../lib/gcc/avr/4.9.2/avrxmega6\libgcc.a(_divmodsi4.o)
 .data          0x00000000        0x0 c:/program files (x86)/atmel/studio/7.0/toolchain/avr8/avr8-gnu-toolchain/bin/../lib/gcc/avr/4.9.2/avrxmega6\libgcc.a(_divmodsi4.o)
 .bss           0x00000000        0x0 c:/program files (x86)/atmel/studio/7.0/toolchain/avr8/avr8-gnu-toolchain/bin/../lib/gcc/avr/4.9.2/avrxmega6\libgcc.a(_divmodsi4.o)
 .text.libgcc.mul
                0x00000000        0x0 c:/program files (x86)/atmel/studio/7.0/toolchain/avr8/avr8-gnu-toolchain/bin/../lib/gcc/avr/4.9.2/avrxmega6\libgcc.a(_divmodsi4.o)
 .text.libgcc   0x00000000        0x0 c:/program files (x86)/atmel/studio/7.0/toolchain/avr8/avr8-gnu-toolchain/bin/../lib/gcc/avr/4.9.2/avrxmega6\libgcc.a(_divmodsi4.o)
 .text.libgcc.prologue
                0x00000000        0x0 c:/program files (x86)/atmel/studio/7.0/toolchain/avr8/avr8-gnu-toolchain/bin/../lib/gcc/avr/4.9.2/avrxmega6\libgcc.a(_divmodsi4.o)
 .text.libgcc.builtins
                0x00000000        0x0 c:/program files (x86)/atmel/studio/7.0/toolchain/avr8/avr8-gnu-toolchain/bin/../lib/gcc/avr/4.9.2/avrxmega6\libgcc.a(_divmodsi4.o)
 .text.libgcc.fmul
                0x00000000        0x0 c:/program files (x86)/atmel/studio/7.0/toolchain/avr8/avr8-gnu-toolchain/bin/../lib/gcc/avr/4.9.2/avrxmega6\libgcc.a(_divmodsi4.o)
 .text.libgcc.fixed
                0x00000000        0x0 c:/program files (x86)/atmel/studio/7.0/toolchain/avr8/avr8-gnu-toolchain/bin/../lib/gcc/avr/4.9.2/avrxmega6\libgcc.a(_divmodsi4.o)
 .text          0x00000000        0x0 c:/program files (x86)/atmel/studio/7.0/toolchain/avr8/avr8-gnu-toolchain/bin/../lib/gcc/avr/4.9.2/avrxmega6\libgcc.a(_negsi2.o)
 .data          0x00000000        0x0 c:/program files (x86)/atmel/studio/7.0/toolchain/avr8/avr8-gnu-toolchain/bin/../lib/gcc/avr/4.9.2/avrxmega6\libgcc.a(_negsi2.o)
 .bss           0x00000000        0x0 c:/program files (x86)/atmel/studio/7.0/toolchain/avr8/avr8-gnu-toolchain/bin/../lib/gcc/avr/4.9.2/avrxmega6\libgcc.a(_negsi2.o)
 .text.libgcc.mul
                0x00000000        0x0 c:/program files (x86)/atmel/studio/7.0/toolchain/avr8/avr8-gnu-toolchain/bin/../lib/gcc/avr/4.9.2/avrxmega6\libgcc.a(_negsi2.o)
 .text.libgcc   0x00000000        0x0 c:/program files (x86)/atmel/studio/7.0/toolchain/avr8/avr8-gnu-toolchain/bin/../lib/gcc/avr/4.9.2/avrxmega6\libgcc.a(_negsi2.o)
 .text.libgcc.prologue
                0x00000000        0x0 c:/program files (x86)/atmel/studio/7.0/toolchain/avr8/avr8-gnu-toolchain/bin/../lib/gcc/avr/4.9.2/avrxmega6\libgcc.a(_negsi2.o)
 .text.libgcc.builtins
                0x00000000        0x0 c:/program files (x86)/atmel/studio/7.0/toolchain/avr8/avr8-gnu-toolchain/bin/../lib/gcc/avr/4.9.2/avrxmega6\libgcc.a(_negsi2.o)
 .text.libgcc.fmul
                0x00000000        0x0 c:/program files (x86)/atmel/studio/7.0/toolchain/avr8/avr8-gnu-toolchain/bin/../lib/gcc/avr/4.9.2/avrxmega6\libgcc.a(_negsi2.o)
 .text.libgcc.fixed
                0x00000000        0x0 c:/program files (x86)/atmel/studio/7.0/toolchain/avr8/avr8-gnu-toolchain/bin/../lib/gcc/avr/4.9.2/avrxmega6\libgcc.a(_negsi2.o)
 .text          0x00000000        0x0 c:/program files (x86)/atmel/studio/7.0/toolchain/avr8/avr8-gnu-toolchain/bin/../lib/gcc/avr/4.9.2/avrxmega6\libgcc.a(_exit.o)
 .data          0x00000000        0x0 c:/program files (x86)/atmel/studio/7.0/toolchain/avr8/avr8-gnu-toolchain/bin/../lib/gcc/avr/4.9.2/avrxmega6\libgcc.a(_exit.o)
 .bss           0x00000000        0x0 c:/program files (x86)/atmel/studio/7.0/toolchain/avr8/avr8-gnu-toolchain/bin/../lib/gcc/avr/4.9.2/avrxmega6\libgcc.a(_exit.o)
 .text.libgcc.mul
                0x00000000        0x0 c:/program files (x86)/atmel/studio/7.0/toolchain/avr8/avr8-gnu-toolchain/bin/../lib/gcc/avr/4.9.2/avrxmega6\libgcc.a(_exit.o)
 .text.libgcc.div
                0x00000000        0x0 c:/program files (x86)/atmel/studio/7.0/toolchain/avr8/avr8-gnu-toolchain/bin/../lib/gcc/avr/4.9.2/avrxmega6\libgcc.a(_exit.o)
 .text.libgcc   0x00000000        0x0 c:/program files (x86)/atmel/studio/7.0/toolchain/avr8/avr8-gnu-toolchain/bin/../lib/gcc/avr/4.9.2/avrxmega6\libgcc.a(_exit.o)
 .text.libgcc.prologue
                0x00000000        0x0 c:/program files (x86)/atmel/studio/7.0/toolchain/avr8/avr8-gnu-toolchain/bin/../lib/gcc/avr/4.9.2/avrxmega6\libgcc.a(_exit.o)
 .text.libgcc.builtins
                0x00000000        0x0 c:/program files (x86)/atmel/studio/7.0/toolchain/avr8/avr8-gnu-toolchain/bin/../lib/gcc/avr/4.9.2/avrxmega6\libgcc.a(_exit.o)
 .text.libgcc.fmul
                0x00000000        0x0 c:/program files (x86)/atmel/studio/7.0/toolchain/avr8/avr8-gnu-toolchain/bin/../lib/gcc/avr/4.9.2/avrxmega6\libgcc.a(_exit.o)
 .text.libgcc.fixed
                0x00000000        0x0 c:/program files (x86)/atmel/studio/7.0/toolchain/avr8/avr8-gnu-toolchain/bin/../lib/gcc/avr/4.9.2/avrxmega6\libgcc.a(_exit.o)
 .text          0x00000000        0x0 c:/program files (x86)/atmel/studio/7.0/toolchain/avr8/avr8-gnu-toolchain/bin/../lib/gcc/avr/4.9.2/avrxmega6\libgcc.a(_copy_data.o)
 .data          0x00000000        0x0 c:/program files (x86)/atmel/studio/7.0/toolchain/avr8/avr8-gnu-toolchain/bin/../lib/gcc/avr/4.9.2/avrxmega6\libgcc.a(_copy_data.o)
 .bss           0x00000000        0x0 c:/program files (x86)/atmel/studio/7.0/toolchain/avr8/avr8-gnu-toolchain/bin/../lib/gcc/avr/4.9.2/avrxmega6\libgcc.a(_copy_data.o)
 .text.libgcc.mul
                0x00000000        0x0 c:/program files (x86)/atmel/studio/7.0/toolchain/avr8/avr8-gnu-toolchain/bin/../lib/gcc/avr/4.9.2/avrxmega6\libgcc.a(_copy_data.o)
 .text.libgcc.div
                0x00000000        0x0 c:/program files (x86)/atmel/studio/7.0/toolchain/avr8/avr8-gnu-toolchain/bin/../lib/gcc/avr/4.9.2/avrxmega6\libgcc.a(_copy_data.o)
 .text.libgcc   0x00000000        0x0 c:/program files (x86)/atmel/studio/7.0/toolchain/avr8/avr8-gnu-toolchain/bin/../lib/gcc/avr/4.9.2/avrxmega6\libgcc.a(_copy_data.o)
 .text.libgcc.prologue
                0x00000000        0x0 c:/program files (x86)/atmel/studio/7.0/toolchain/avr8/avr8-gnu-toolchain/bin/../lib/gcc/avr/4.9.2/avrxmega6\libgcc.a(_copy_data.o)
 .text.libgcc.builtins
                0x00000000        0x0 c:/program files (x86)/atmel/studio/7.0/toolchain/avr8/avr8-gnu-toolchain/bin/../lib/gcc/avr/4.9.2/avrxmega6\libgcc.a(_copy_data.o)
 .text.libgcc.fmul
                0x00000000        0x0 c:/program files (x86)/atmel/studio/7.0/toolchain/avr8/avr8-gnu-toolchain/bin/../lib/gcc/avr/4.9.2/avrxmega6\libgcc.a(_copy_data.o)
 .text.libgcc.fixed
                0x00000000        0x0 c:/program files (x86)/atmel/studio/7.0/toolchain/avr8/avr8-gnu-toolchain/bin/../lib/gcc/avr/4.9.2/avrxmega6\libgcc.a(_copy_data.o)
 .text          0x00000000        0x0 c:/program files (x86)/atmel/studio/7.0/toolchain/avr8/avr8-gnu-toolchain/bin/../lib/gcc/avr/4.9.2/avrxmega6\libgcc.a(_clear_bss.o)
 .data          0x00000000        0x0 c:/program files (x86)/atmel/studio/7.0/toolchain/avr8/avr8-gnu-toolchain/bin/../lib/gcc/avr/4.9.2/avrxmega6\libgcc.a(_clear_bss.o)
 .bss           0x00000000        0x0 c:/program files (x86)/atmel/studio/7.0/toolchain/avr8/avr8-gnu-toolchain/bin/../lib/gcc/avr/4.9.2/avrxmega6\libgcc.a(_clear_bss.o)
 .text.libgcc.mul
                0x00000000        0x0 c:/program files (x86)/atmel/studio/7.0/toolchain/avr8/avr8-gnu-toolchain/bin/../lib/gcc/avr/4.9.2/avrxmega6\libgcc.a(_clear_bss.o)
 .text.libgcc.div
                0x00000000        0x0 c:/program files (x86)/atmel/studio/7.0/toolchain/avr8/avr8-gnu-toolchain/bin/../lib/gcc/avr/4.9.2/avrxmega6\libgcc.a(_clear_bss.o)
 .text.libgcc   0x00000000        0x0 c:/program files (x86)/atmel/studio/7.0/toolchain/avr8/avr8-gnu-toolchain/bin/../lib/gcc/avr/4.9.2/avrxmega6\libgcc.a(_clear_bss.o)
 .text.libgcc.prologue
                0x00000000        0x0 c:/program files (x86)/atmel/studio/7.0/toolchain/avr8/avr8-gnu-toolchain/bin/../lib/gcc/avr/4.9.2/avrxmega6\libgcc.a(_clear_bss.o)
 .text.libgcc.builtins
                0x00000000        0x0 c:/program files (x86)/atmel/studio/7.0/toolchain/avr8/avr8-gnu-toolchain/bin/../lib/gcc/avr/4.9.2/avrxmega6\libgcc.a(_clear_bss.o)
 .text.libgcc.fmul
                0x00000000        0x0 c:/program files (x86)/atmel/studio/7.0/toolchain/avr8/avr8-gnu-toolchain/bin/../lib/gcc/avr/4.9.2/avrxmega6\libgcc.a(_clear_bss.o)
 .text.libgcc.fixed
                0x00000000        0x0 c:/program files (x86)/atmel/studio/7.0/toolchain/avr8/avr8-gnu-toolchain/bin/../lib/gcc/avr/4.9.2/avrxmega6\libgcc.a(_clear_bss.o)
 .text          0x00000000        0x0 c:/program files (x86)/atmel/studio/7.0/toolchain/avr8/avr8-gnu-toolchain/bin/../lib/gcc/avr/4.9.2/avrxmega6\libgcc.a(_mulshisi3.o)
 .data          0x00000000        0x0 c:/program files (x86)/atmel/studio/7.0/toolchain/avr8/avr8-gnu-toolchain/bin/../lib/gcc/avr/4.9.2/avrxmega6\libgcc.a(_mulshisi3.o)
 .bss           0x00000000        0x0 c:/program files (x86)/atmel/studio/7.0/toolchain/avr8/avr8-gnu-toolchain/bin/../lib/gcc/avr/4.9.2/avrxmega6\libgcc.a(_mulshisi3.o)
 .text.libgcc.mul
                0x00000000       0x10 c:/program files (x86)/atmel/studio/7.0/toolchain/avr8/avr8-gnu-toolchain/bin/../lib/gcc/avr/4.9.2/avrxmega6\libgcc.a(_mulshisi3.o)
 .text.libgcc.div
                0x00000000        0x0 c:/program files (x86)/atmel/studio/7.0/toolchain/avr8/avr8-gnu-toolchain/bin/../lib/gcc/avr/4.9.2/avrxmega6\libgcc.a(_mulshisi3.o)
 .text.libgcc   0x00000000        0x0 c:/program files (x86)/atmel/studio/7.0/toolchain/avr8/avr8-gnu-toolchain/bin/../lib/gcc/avr/4.9.2/avrxmega6\libgcc.a(_mulshisi3.o)
 .text.libgcc.prologue
                0x00000000        0x0 c:/program files (x86)/atmel/studio/7.0/toolchain/avr8/avr8-gnu-toolchain/bin/../lib/gcc/avr/4.9.2/avrxmega6\libgcc.a(_mulshisi3.o)
 .text.libgcc.builtins
                0x00000000        0x0 c:/program files (x86)/atmel/studio/7.0/toolchain/avr8/avr8-gnu-toolchain/bin/../lib/gcc/avr/4.9.2/avrxmega6\libgcc.a(_mulshisi3.o)
 .text.libgcc.fmul
                0x00000000        0x0 c:/program files (x86)/atmel/studio/7.0/toolchain/avr8/avr8-gnu-toolchain/bin/../lib/gcc/avr/4.9.2/avrxmega6\libgcc.a(_mulshisi3.o)
 .text.libgcc.fixed
                0x00000000        0x0 c:/program files (x86)/atmel/studio/7.0/toolchain/avr8/avr8-gnu-toolchain/bin/../lib/gcc/avr/4.9.2/avrxmega6\libgcc.a(_mulshisi3.o)
 .text          0x00000000        0x0 c:/program files (x86)/atmel/studio/7.0/toolchain/avr8/avr8-gnu-toolchain/bin/../lib/gcc/avr/4.9.2/avrxmega6\libgcc.a(_muluhisi3.o)
 .data          0x00000000        0x0 c:/program files (x86)/atmel/studio/7.0/toolchain/avr8/avr8-gnu-toolchain/bin/../lib/gcc/avr/4.9.2/avrxmega6\libgcc.a(_muluhisi3.o)
 .bss           0x00000000        0x0 c:/program files (x86)/atmel/studio/7.0/toolchain/avr8/avr8-gnu-toolchain/bin/../lib/gcc/avr/4.9.2/avrxmega6\libgcc.a(_muluhisi3.o)
 .text.libgcc.mul
                0x00000000       0x16 c:/program files (x86)/atmel/studio/7.0/toolchain/avr8/avr8-gnu-toolchain/bin/../lib/gcc/avr/4.9.2/avrxmega6\libgcc.a(_muluhisi3.o)
 .text.libgcc.div
                0x00000000        0x0 c:/program files (x86)/atmel/studio/7.0/toolchain/avr8/avr8-gnu-toolchain/bin/../lib/gcc/avr/4.9.2/avrxmega6\libgcc.a(_muluhisi3.o)
 .text.libgcc   0x00000000        0x0 c:/program files (x86)/atmel/studio/7.0/toolchain/avr8/avr8-gnu-toolchain/bin/../lib/gcc/avr/4.9.2/avrxmega6\libgcc.a(_muluhisi3.o)
 .text.libgcc.prologue
                0x00000000        0x0 c:/program files (x86)/atmel/studio/7.0/toolchain/avr8/avr8-gnu-toolchain/bin/../lib/gcc/avr/4.9.2/avrxmega6\libgcc.a(_muluhisi3.o)
 .text.libgcc.builtins
                0x00000000        0x0 c:/program files (x86)/atmel/studio/7.0/toolchain/avr8/avr8-gnu-toolchain/bin/../lib/gcc/avr/4.9.2/avrxmega6\libgcc.a(_muluhisi3.o)
 .text.libgcc.fmul
                0x00000000        0x0 c:/program files (x86)/atmel/studio/7.0/toolchain/avr8/avr8-gnu-toolchain/bin/../lib/gcc/avr/4.9.2/avrxmega6\libgcc.a(_muluhisi3.o)
 .text.libgcc.fixed
                0x00000000        0x0 c:/program files (x86)/atmel/studio/7.0/toolchain/avr8/avr8-gnu-toolchain/bin/../lib/gcc/avr/4.9.2/avrxmega6\libgcc.a(_muluhisi3.o)
 .text          0x00000000        0x0 c:/program files (x86)/atmel/studio/7.0/toolchain/avr8/avr8-gnu-toolchain/bin/../lib/gcc/avr/4.9.2/avrxmega6\libgcc.a(_umulhisi3.o)
 .data          0x00000000        0x0 c:/program files (x86)/atmel/studio/7.0/toolchain/avr8/avr8-gnu-toolchain/bin/../lib/gcc/avr/4.9.2/avrxmega6\libgcc.a(_umulhisi3.o)
 .bss           0x00000000        0x0 c:/program files (x86)/atmel/studio/7.0/toolchain/avr8/avr8-gnu-toolchain/bin/../lib/gcc/avr/4.9.2/avrxmega6\libgcc.a(_umulhisi3.o)
 .text.libgcc.mul
                0x00000000       0x1e c:/program files (x86)/atmel/studio/7.0/toolchain/avr8/avr8-gnu-toolchain/bin/../lib/gcc/avr/4.9.2/avrxmega6\libgcc.a(_umulhisi3.o)
 .text.libgcc.div
                0x00000000        0x0 c:/program files (x86)/atmel/studio/7.0/toolchain/avr8/avr8-gnu-toolchain/bin/../lib/gcc/avr/4.9.2/avrxmega6\libgcc.a(_umulhisi3.o)
 .text.libgcc   0x00000000        0x0 c:/program files (x86)/atmel/studio/7.0/toolchain/avr8/avr8-gnu-toolchain/bin/../lib/gcc/avr/4.9.2/avrxmega6\libgcc.a(_umulhisi3.o)
 .text.libgcc.prologue
                0x00000000        0x0 c:/program files (x86)/atmel/studio/7.0/toolchain/avr8/avr8-gnu-toolchain/bin/../lib/gcc/avr/4.9.2/avrxmega6\libgcc.a(_umulhisi3.o)
 .text.libgcc.builtins
                0x00000000        0x0 c:/program files (x86)/atmel/studio/7.0/toolchain/avr8/avr8-gnu-toolchain/bin/../lib/gcc/avr/4.9.2/avrxmega6\libgcc.a(_umulhisi3.o)
 .text.libgcc.fmul
                0x00000000        0x0 c:/program files (x86)/atmel/studio/7.0/toolchain/avr8/avr8-gnu-toolchain/bin/../lib/gcc/avr/4.9.2/avrxmega6\libgcc.a(_umulhisi3.o)
 .text.libgcc.fixed
                0x00000000        0x0 c:/program files (x86)/atmel/studio/7.0/toolchain/avr8/avr8-gnu-toolchain/bin/../lib/gcc/avr/4.9.2/avrxmega6\libgcc.a(_umulhisi3.o)
 .text          0x00000000        0x0 c:/program files (x86)/atmel/studio/7.0/toolchain/avr8/avr8-gnu-toolchain/bin/../lib/gcc/avr/4.9.2/../../../../avr/lib/avrxmega6\libc.a(atoi.o)
 .data          0x00000000        0x0 c:/program files (x86)/atmel/studio/7.0/toolchain/avr8/avr8-gnu-toolchain/bin/../lib/gcc/avr/4.9.2/../../../../avr/lib/avrxmega6\libc.a(atoi.o)
 .bss           0x00000000        0x0 c:/program files (x86)/atmel/studio/7.0/toolchain/avr8/avr8-gnu-toolchain/bin/../lib/gcc/avr/4.9.2/../../../../avr/lib/avrxmega6\libc.a(atoi.o)
 .text          0x00000000        0x0 c:/program files (x86)/atmel/studio/7.0/toolchain/avr8/avr8-gnu-toolchain/bin/../lib/gcc/avr/4.9.2/../../../../avr/lib/avrxmega6\libc.a(strtok.o)
 .data          0x00000000        0x0 c:/program files (x86)/atmel/studio/7.0/toolchain/avr8/avr8-gnu-toolchain/bin/../lib/gcc/avr/4.9.2/../../../../avr/lib/avrxmega6\libc.a(strtok.o)
 .text          0x00000000        0x0 c:/program files (x86)/atmel/studio/7.0/toolchain/avr8/avr8-gnu-toolchain/bin/../lib/gcc/avr/4.9.2/../../../../avr/lib/avrxmega6\libc.a(strcmp.o)
 .data          0x00000000        0x0 c:/program files (x86)/atmel/studio/7.0/toolchain/avr8/avr8-gnu-toolchain/bin/../lib/gcc/avr/4.9.2/../../../../avr/lib/avrxmega6\libc.a(strcmp.o)
 .bss           0x00000000        0x0 c:/program files (x86)/atmel/studio/7.0/toolchain/avr8/avr8-gnu-toolchain/bin/../lib/gcc/avr/4.9.2/../../../../avr/lib/avrxmega6\libc.a(strcmp.o)
 .text          0x00000000        0x0 c:/program files (x86)/atmel/studio/7.0/toolchain/avr8/avr8-gnu-toolchain/bin/../lib/gcc/avr/4.9.2/../../../../avr/lib/avrxmega6\libc.a(strcpy.o)
 .data          0x00000000        0x0 c:/program files (x86)/atmel/studio/7.0/toolchain/avr8/avr8-gnu-toolchain/bin/../lib/gcc/avr/4.9.2/../../../../avr/lib/avrxmega6\libc.a(strcpy.o)
 .bss           0x00000000        0x0 c:/program files (x86)/atmel/studio/7.0/toolchain/avr8/avr8-gnu-toolchain/bin/../lib/gcc/avr/4.9.2/../../../../avr/lib/avrxmega6\libc.a(strcpy.o)
 .text          0x00000000        0x0 c:/program files (x86)/atmel/studio/7.0/toolchain/avr8/avr8-gnu-toolchain/bin/../lib/gcc/avr/4.9.2/../../../../avr/lib/avrxmega6\libc.a(strtok_r.o)
 .data          0x00000000        0x0 c:/program files (x86)/atmel/studio/7.0/toolchain/avr8/avr8-gnu-toolchain/bin/../lib/gcc/avr/4.9.2/../../../../avr/lib/avrxmega6\libc.a(strtok_r.o)
 .bss           0x00000000        0x0 c:/program files (x86)/atmel/studio/7.0/toolchain/avr8/avr8-gnu-toolchain/bin/../lib/gcc/avr/4.9.2/../../../../avr/lib/avrxmega6\libc.a(strtok_r.o)
 .text          0x00000000        0x0 c:/program files (x86)/atmel/studio/7.0/toolchain/avr8/avr8-gnu-toolchain/bin/../lib/gcc/avr/4.9.2/../../../../avr/lib/avrxmega6\libc.a(mul10.o)
 .data          0x00000000        0x0 c:/program files (x86)/atmel/studio/7.0/toolchain/avr8/avr8-gnu-toolchain/bin/../lib/gcc/avr/4.9.2/../../../../avr/lib/avrxmega6\libc.a(mul10.o)
 .bss           0x00000000        0x0 c:/program files (x86)/atmel/studio/7.0/toolchain/avr8/avr8-gnu-toolchain/bin/../lib/gcc/avr/4.9.2/../../../../avr/lib/avrxmega6\libc.a(mul10.o)
 .text          0x00000000        0x0 c:/program files (x86)/atmel/studio/7.0/toolchain/avr8/avr8-gnu-toolchain/bin/../lib/gcc/avr/4.9.2/../../../../avr/lib/avrxmega6\libc.a(iob.o)
 .data          0x00000000        0x0 c:/program files (x86)/atmel/studio/7.0/toolchain/avr8/avr8-gnu-toolchain/bin/../lib/gcc/avr/4.9.2/../../../../avr/lib/avrxmega6\libc.a(iob.o)
 .bss           0x00000000        0x0 c:/program files (x86)/atmel/studio/7.0/toolchain/avr8/avr8-gnu-toolchain/bin/../lib/gcc/avr/4.9.2/../../../../avr/lib/avrxmega6\libc.a(iob.o)
 .text          0x00000000        0x0 c:/program files (x86)/atmel/studio/7.0/toolchain/avr8/avr8-gnu-toolchain/bin/../lib/gcc/avr/4.9.2/../../../../avr/lib/avrxmega6\libc.a(printf.o)
 .data          0x00000000        0x0 c:/program files (x86)/atmel/studio/7.0/toolchain/avr8/avr8-gnu-toolchain/bin/../lib/gcc/avr/4.9.2/../../../../avr/lib/avrxmega6\libc.a(printf.o)
 .bss           0x00000000        0x0 c:/program files (x86)/atmel/studio/7.0/toolchain/avr8/avr8-gnu-toolchain/bin/../lib/gcc/avr/4.9.2/../../../../avr/lib/avrxmega6\libc.a(printf.o)
 .text          0x00000000        0x0 c:/program files (x86)/atmel/studio/7.0/toolchain/avr8/avr8-gnu-toolchain/bin/../lib/gcc/avr/4.9.2/../../../../avr/lib/avrxmega6\libc.a(puts.o)
 .data          0x00000000        0x0 c:/program files (x86)/atmel/studio/7.0/toolchain/avr8/avr8-gnu-toolchain/bin/../lib/gcc/avr/4.9.2/../../../../avr/lib/avrxmega6\libc.a(puts.o)
 .bss           0x00000000        0x0 c:/program files (x86)/atmel/studio/7.0/toolchain/avr8/avr8-gnu-toolchain/bin/../lib/gcc/avr/4.9.2/../../../../avr/lib/avrxmega6\libc.a(puts.o)
 .text          0x00000000        0x0 c:/program files (x86)/atmel/studio/7.0/toolchain/avr8/avr8-gnu-toolchain/bin/../lib/gcc/avr/4.9.2/../../../../avr/lib/avrxmega6\libc.a(sprintf.o)
 .data          0x00000000        0x0 c:/program files (x86)/atmel/studio/7.0/toolchain/avr8/avr8-gnu-toolchain/bin/../lib/gcc/avr/4.9.2/../../../../avr/lib/avrxmega6\libc.a(sprintf.o)
 .bss           0x00000000        0x0 c:/program files (x86)/atmel/studio/7.0/toolchain/avr8/avr8-gnu-toolchain/bin/../lib/gcc/avr/4.9.2/../../../../avr/lib/avrxmega6\libc.a(sprintf.o)
 .text          0x00000000        0x0 c:/program files (x86)/atmel/studio/7.0/toolchain/avr8/avr8-gnu-toolchain/bin/../lib/gcc/avr/4.9.2/../../../../avr/lib/avrxmega6\libc.a(vfprintf_std.o)
 .data          0x00000000        0x0 c:/program files (x86)/atmel/studio/7.0/toolchain/avr8/avr8-gnu-toolchain/bin/../lib/gcc/avr/4.9.2/../../../../avr/lib/avrxmega6\libc.a(vfprintf_std.o)
 .bss           0x00000000        0x0 c:/program files (x86)/atmel/studio/7.0/toolchain/avr8/avr8-gnu-toolchain/bin/../lib/gcc/avr/4.9.2/../../../../avr/lib/avrxmega6\libc.a(vfprintf_std.o)
 .text          0x00000000        0x0 c:/program files (x86)/atmel/studio/7.0/toolchain/avr8/avr8-gnu-toolchain/bin/../lib/gcc/avr/4.9.2/../../../../avr/lib/avrxmega6\libc.a(strnlen_P.o)
 .data          0x00000000        0x0 c:/program files (x86)/atmel/studio/7.0/toolchain/avr8/avr8-gnu-toolchain/bin/../lib/gcc/avr/4.9.2/../../../../avr/lib/avrxmega6\libc.a(strnlen_P.o)
 .bss           0x00000000        0x0 c:/program files (x86)/atmel/studio/7.0/toolchain/avr8/avr8-gnu-toolchain/bin/../lib/gcc/avr/4.9.2/../../../../avr/lib/avrxmega6\libc.a(strnlen_P.o)
 .text          0x00000000        0x0 c:/program files (x86)/atmel/studio/7.0/toolchain/avr8/avr8-gnu-toolchain/bin/../lib/gcc/avr/4.9.2/../../../../avr/lib/avrxmega6\libc.a(strnlen.o)
 .data          0x00000000        0x0 c:/program files (x86)/atmel/studio/7.0/toolchain/avr8/avr8-gnu-toolchain/bin/../lib/gcc/avr/4.9.2/../../../../avr/lib/avrxmega6\libc.a(strnlen.o)
 .bss           0x00000000        0x0 c:/program files (x86)/atmel/studio/7.0/toolchain/avr8/avr8-gnu-toolchain/bin/../lib/gcc/avr/4.9.2/../../../../avr/lib/avrxmega6\libc.a(strnlen.o)
 .text          0x00000000        0x0 c:/program files (x86)/atmel/studio/7.0/toolchain/avr8/avr8-gnu-toolchain/bin/../lib/gcc/avr/4.9.2/../../../../avr/lib/avrxmega6\libc.a(fputc.o)
 .data          0x00000000        0x0 c:/program files (x86)/atmel/studio/7.0/toolchain/avr8/avr8-gnu-toolchain/bin/../lib/gcc/avr/4.9.2/../../../../avr/lib/avrxmega6\libc.a(fputc.o)
 .bss           0x00000000        0x0 c:/program files (x86)/atmel/studio/7.0/toolchain/avr8/avr8-gnu-toolchain/bin/../lib/gcc/avr/4.9.2/../../../../avr/lib/avrxmega6\libc.a(fputc.o)
 .text          0x00000000        0x0 c:/program files (x86)/atmel/studio/7.0/toolchain/avr8/avr8-gnu-toolchain/bin/../lib/gcc/avr/4.9.2/../../../../avr/lib/avrxmega6\libc.a(ultoa_invert.o)
 .data          0x00000000        0x0 c:/program files (x86)/atmel/studio/7.0/toolchain/avr8/avr8-gnu-toolchain/bin/../lib/gcc/avr/4.9.2/../../../../avr/lib/avrxmega6\libc.a(ultoa_invert.o)
 .bss           0x00000000        0x0 c:/program files (x86)/atmel/studio/7.0/toolchain/avr8/avr8-gnu-toolchain/bin/../lib/gcc/avr/4.9.2/../../../../avr/lib/avrxmega6\libc.a(ultoa_invert.o)

Memory Configuration

Name             Origin             Length             Attributes
text             0x00000000         0x00100000         xr
data             0x00802000         0x0000ffa0         rw !x
eeprom           0x00810000         0x00010000         rw !x
fuse             0x00820000         0x00000400         rw !x
lock             0x00830000         0x00000400         rw !x
signature        0x00840000         0x00000400         rw !x
user_signatures  0x00850000         0x00000400         rw !x
*default*        0x00000000         0xffffffff

Linker script and memory map

LOAD C:/Program Files (x86)/Atmel/Studio/7.0/Packs/atmel/XMEGAC_DFP/1.0.27/gcc/dev/atxmega384c3/avrxmega6/crtatxmega384c3.o
LOAD Additional_Drivers/ssd1306/font.o
LOAD main.o
START GROUP
LOAD c:/program files (x86)/atmel/studio/7.0/toolchain/avr8/avr8-gnu-toolchain/bin/../lib/gcc/avr/4.9.2/../../../../avr/lib/avrxmega6\libm.a
END GROUP
START GROUP
LOAD c:/program files (x86)/atmel/studio/7.0/toolchain/avr8/avr8-gnu-toolchain/bin/../lib/gcc/avr/4.9.2/avrxmega6\libgcc.a
LOAD c:/program files (x86)/atmel/studio/7.0/toolchain/avr8/avr8-gnu-toolchain/bin/../lib/gcc/avr/4.9.2/../../../../avr/lib/avrxmega6\libm.a
LOAD c:/program files (x86)/atmel/studio/7.0/toolchain/avr8/avr8-gnu-toolchain/bin/../lib/gcc/avr/4.9.2/../../../../avr/lib/avrxmega6\libc.a
LOAD C:/Program Files (x86)/Atmel/Studio/7.0/Packs/atmel/XMEGAC_DFP/1.0.27/gcc/dev/atxmega384c3/avrxmega6\libatxmega384c3.a
END GROUP

.hash
 *(.hash)

.dynsym
 *(.dynsym)

.dynstr
 *(.dynstr)

.gnu.version
 *(.gnu.version)

.gnu.version_d
 *(.gnu.version_d)

.gnu.version_r
 *(.gnu.version_r)

.rel.init
 *(.rel.init)

.rela.init
 *(.rela.init)

.rel.text
 *(.rel.text)
 *(.rel.text.*)
 *(.rel.gnu.linkonce.t*)

.rela.text
 *(.rela.text)
 *(.rela.text.*)
 *(.rela.gnu.linkonce.t*)

.rel.fini
 *(.rel.fini)

.rela.fini
 *(.rela.fini)

.rel.rodata
 *(.rel.rodata)
 *(.rel.rodata.*)
 *(.rel.gnu.linkonce.r*)

.rela.rodata
 *(.rela.rodata)
 *(.rela.rodata.*)
 *(.rela.gnu.linkonce.r*)

.rel.data
 *(.rel.data)
 *(.rel.data.*)
 *(.rel.gnu.linkonce.d*)

.rela.data
 *(.rela.data)
 *(.rela.data.*)
 *(.rela.gnu.linkonce.d*)

.rel.ctors
 *(.rel.ctors)

.rela.ctors
 *(.rela.ctors)

.rel.dtors
 *(.rel.dtors)

.rela.dtors
 *(.rela.dtors)

.rel.got
 *(.rel.got)

.rela.got
 *(.rela.got)

.rel.bss
 *(.rel.bss)

.rela.bss
 *(.rela.bss)

.rel.plt
 *(.rel.plt)

.rela.plt
 *(.rela.plt)

.text           0x00000000     0x1e0c
 *(.vectors)
 .vectors       0x00000000      0x1fc C:/Program Files (x86)/Atmel/Studio/7.0/Packs/atmel/XMEGAC_DFP/1.0.27/gcc/dev/atxmega384c3/avrxmega6/crtatxmega384c3.o
                0x00000000                __vector_default
                0x00000000                __vectors
 *(.vectors)
 *(.progmem.gcc*)
                0x000001fc                . = ALIGN (0x2)
                0x000001fc                __trampolines_start = .
 *(.trampolines)
 .trampolines   0x000001fc        0x8 linker stubs
 *(.trampolines*)
                0x00000204                __trampolines_end = .
 *(.progmem*)
                0x00000204                . = ALIGN (0x2)
 *(.jumptables)
 *(.jumptables*)
 *(.lowtext)
 *(.lowtext*)
                0x00000204                __ctors_start = .
 *(.ctors)
                0x00000204                __ctors_end = .
                0x00000204                __dtors_start = .
 *(.dtors)
                0x00000204                __dtors_end = .
 SORT(*)(.ctors)
 SORT(*)(.dtors)
 *(.init0)
 .init0         0x00000204        0x0 C:/Program Files (x86)/Atmel/Studio/7.0/Packs/atmel/XMEGAC_DFP/1.0.27/gcc/dev/atxmega384c3/avrxmega6/crtatxmega384c3.o
                0x00000204                __init
 *(.init0)
 *(.init1)
 *(.init1)
 *(.init2)
 .init2         0x00000204       0x10 C:/Program Files (x86)/Atmel/Studio/7.0/Packs/atmel/XMEGAC_DFP/1.0.27/gcc/dev/atxmega384c3/avrxmega6/crtatxmega384c3.o
 *(.init2)
 *(.init3)
 *(.init3)
 *(.init4)
 .init4         0x00000214       0x1a c:/program files (x86)/atmel/studio/7.0/toolchain/avr8/avr8-gnu-toolchain/bin/../lib/gcc/avr/4.9.2/avrxmega6\libgcc.a(_copy_data.o)
                0x00000214                __do_copy_data
 .init4         0x0000022e       0x10 c:/program files (x86)/atmel/studio/7.0/toolchain/avr8/avr8-gnu-toolchain/bin/../lib/gcc/avr/4.9.2/avrxmega6\libgcc.a(_clear_bss.o)
                0x0000022e                __do_clear_bss
 *(.init4)
 *(.init5)
 *(.init5)
 *(.init6)
 *(.init6)
 *(.init7)
 *(.init7)
 *(.init8)
 *(.init8)
 *(.init9)
 .init9         0x0000023e        0x8 C:/Program Files (x86)/Atmel/Studio/7.0/Packs/atmel/XMEGAC_DFP/1.0.27/gcc/dev/atxmega384c3/avrxmega6/crtatxmega384c3.o
 *(.init9)
 *(.text)
 .text          0x00000246        0x4 C:/Program Files (x86)/Atmel/Studio/7.0/Packs/atmel/XMEGAC_DFP/1.0.27/gcc/dev/atxmega384c3/avrxmega6/crtatxmega384c3.o
                0x00000246                __vector_38
                0x00000246                __vector_104
                0x00000246                __vector_22
                0x00000246                __vector_63
                0x00000246                __vector_28
                0x00000246                __vector_67
                0x00000246                __vector_1
                0x00000246                __vector_119
                0x00000246                __vector_32
                0x00000246                __vector_75
                0x00000246                __vector_71
                0x00000246                __vector_91
                0x00000246                __vector_34
                0x00000246                __vector_62
                0x00000246                __vector_77
                0x00000246                __vector_102
                0x00000246                __vector_24
                0x00000246                __vector_12
                0x00000246                __vector_55
                0x00000246                __vector_69
                0x00000246                __vector_81
                0x00000246                __vector_90
                0x00000246                __vector_46
                0x00000246                __bad_interrupt
                0x00000246                __vector_122
                0x00000246                __vector_72
                0x00000246                __vector_114
                0x00000246                __vector_6
                0x00000246                __vector_110
                0x00000246                __vector_31
                0x00000246                __vector_92
                0x00000246                __vector_35
                0x00000246                __vector_78
                0x00000246                __vector_74
                0x00000246                __vector_117
                0x00000246                __vector_39
                0x00000246                __vector_107
                0x00000246                __vector_3
                0x00000246                __vector_105
                0x00000246                __vector_98
                0x00000246                __vector_23
                0x00000246                __vector_68
                0x00000246                __vector_30
                0x00000246                __vector_73
                0x00000246                __vector_45
                0x00000246                __vector_25
                0x00000246                __vector_93
                0x00000246                __vector_61
                0x00000246                __vector_54
                0x00000246                __vector_99
                0x00000246                __vector_13
                0x00000246                __vector_17
                0x00000246                __vector_19
                0x00000246                __vector_56
                0x00000246                __vector_7
                0x00000246                __vector_125
                0x00000246                __vector_49
                0x00000246                __vector_123
                0x00000246                __vector_41
                0x00000246                __vector_86
                0x00000246                __vector_100
                0x00000246                __vector_101
                0x00000246                __vector_64
                0x00000246                __vector_88
                0x00000246                __vector_109
                0x00000246                __vector_43
                0x00000246                __vector_27
                0x00000246                __vector_5
                0x00000246                __vector_113
                0x00000246                __vector_33
                0x00000246                __vector_76
                0x00000246                __vector_115
                0x00000246                __vector_47
                0x00000246                __vector_52
                0x00000246                __vector_37
                0x00000246                __vector_95
                0x00000246                __vector_103
                0x00000246                __vector_96
                0x00000246                __vector_89
                0x00000246                __vector_108
                0x00000246                __vector_4
                0x00000246                __vector_44
                0x00000246                __vector_82
                0x00000246                __vector_106
                0x00000246                __vector_118
                0x00000246                __vector_51
                0x00000246                __vector_9
                0x00000246                __vector_2
                0x00000246                __vector_21
                0x00000246                __vector_15
                0x00000246                __vector_66
                0x00000246                __vector_36
                0x00000246                __vector_79
                0x00000246                __vector_70
                0x00000246                __vector_83
                0x00000246                __vector_29
                0x00000246                __vector_60
                0x00000246                __vector_121
                0x00000246                __vector_40
                0x00000246                __vector_85
                0x00000246                __vector_94
                0x00000246                __vector_126
                0x00000246                __vector_8
                0x00000246                __vector_26
                0x00000246                __vector_48
                0x00000246                __vector_124
                0x00000246                __vector_116
                0x00000246                __vector_112
                0x00000246                __vector_111
                0x00000246                __vector_80
                0x00000246                __vector_14
                0x00000246                __vector_84
                0x00000246                __vector_57
                0x00000246                __vector_53
                0x00000246                __vector_50
                0x00000246                __vector_16
                0x00000246                __vector_59
                0x00000246                __vector_18
                0x00000246                __vector_97
                0x00000246                __vector_20
                0x00000246                __vector_42
                0x00000246                __vector_87
                0x00000246                __vector_65
                0x00000246                __vector_120
                0x0000024a                . = ALIGN (0x2)
 *(.text.*)
 .text.tokenize
                0x0000024a       0x80 main.o
 .text.rtc_init
                0x000002ca       0x30 main.o
                0x000002ca                rtc_init
 .text.rtc_ms_delay
                0x000002fa       0x92 main.o
                0x000002fa                rtc_ms_delay
 .text.__vector_10
                0x0000038c       0x4a main.o
                0x0000038c                __vector_10
 .text.__vector_11
                0x000003d6       0x14 main.o
                0x000003d6                __vector_11
 .text.enable_oscillator
                0x000003ea        0xc main.o
                0x000003ea                enable_oscillator
 .text.sysclk_source
                0x000003f6       0x14 main.o
                0x000003f6                sysclk_source
 .text.usart_transmit_by_val
                0x0000040a        0xc main.o
                0x0000040a                usart_transmit_by_val
 .text.USARTC0_putchar
                0x00000416       0x20 main.o
                0x00000416                USARTC0_putchar
 .text.usart_receive_by_ref
                0x00000436       0x10 main.o
                0x00000436                usart_receive_by_ref
 .text.USARTC0_getchar
                0x00000446       0x36 main.o
                0x00000446                USARTC0_getchar
 .text.usart_spi_transmit_receive
                0x0000047c       0x18 main.o
                0x0000047c                usart_spi_transmit_receive
 .text.ssd1306_write_command
                0x00000494       0x2c main.o
 .text.create_file_stream
                0x000004c0       0x42 main.o
                0x000004c0                create_file_stream
 .text.ssd1306_write_data
                0x00000502       0x44 main.o
                0x00000502                ssd1306_write_data
 .text.ssd1306_set_page_address
                0x00000546        0xa main.o
                0x00000546                ssd1306_set_page_address
 .text.ssd1306_set_column_address
                0x00000550       0x20 main.o
                0x00000550                ssd1306_set_column_address
 .text.usart_init_spi
                0x00000570       0x86 main.o
                0x00000570                usart_init_spi
 .text.ssd1306_init
                0x000005f6      0x118 main.o
                0x000005f6                ssd1306_init
 .text.ssd1306_write_text
                0x0000070e       0x68 main.o
                0x0000070e                ssd1306_write_text
 .text.gfx_mono_framebuffer_put_byte
                0x00000776       0x1c main.o
                0x00000776                gfx_mono_framebuffer_put_byte
 .text.gfx_mono_framebuffer_get_byte
                0x00000792       0x1c main.o
                0x00000792                gfx_mono_framebuffer_get_byte
 .text.gfx_mono_ssd1306_put_byte
                0x000007ae       0x3c main.o
                0x000007ae                gfx_mono_ssd1306_put_byte
 .text.esp8266_serial_init
                0x000007ea       0x30 main.o
                0x000007ea                esp8266_serial_init
 .text.esp8266_rx_buff_receive
                0x0000081a       0x96 main.o
                0x0000081a                esp8266_rx_buff_receive
 .text.esp8266_send_receive_timeout
                0x000008b0      0x162 main.o
                0x000008b0                esp8266_send_receive_timeout
 .text.esp8266_send_receive
                0x00000a12       0xf4 main.o
                0x00000a12                esp8266_send_receive
 .text.__vector_58
                0x00000b06       0x8e main.o
                0x00000b06                __vector_58
 .text.esp8266_getmode
                0x00000b94       0x90 main.o
                0x00000b94                esp8266_getmode
 .text.esp8266_setmode
                0x00000c24       0xd8 main.o
                0x00000c24                esp8266_setmode
 .text.esp8266_sta_config
                0x00000cfc       0xa6 main.o
                0x00000cfc                esp8266_sta_config
 .text.esp8266_sta_getap
                0x00000da2      0x1be main.o
                0x00000da2                esp8266_sta_getap
 .text.esp8266_sta_getip
                0x00000f60       0x60 main.o
                0x00000f60                esp8266_sta_getip
 .text.esp8266_sta_getmac
                0x00000fc0       0x60 main.o
                0x00000fc0                esp8266_sta_getmac
 .text.esp8266_sta_get_status
                0x00001020       0x80 main.o
                0x00001020                esp8266_sta_get_status
 .text.esp8266_mqtt_create_client
                0x000010a0       0x7a main.o
                0x000010a0                esp8266_mqtt_create_client
 .text.esp8266_mqtt_client_connect
                0x0000111a       0x82 main.o
                0x0000111a                esp8266_mqtt_client_connect
 .text.esp8266_mqtt_client_publish
                0x0000119c       0x7e main.o
                0x0000119c                esp8266_mqtt_client_publish
 .text.esp8266_mqtt_client_subscribe
                0x0000121a       0x76 main.o
                0x0000121a                esp8266_mqtt_client_subscribe
 .text.esp8266_mqtt_client_callback_on_message
                0x00001290       0x6e main.o
                0x00001290                esp8266_mqtt_client_callback_on_message
 .text.lcd_line_print
                0x000012fe       0x4e main.o
                0x000012fe                lcd_line_print
 .text.main     0x0000134c      0x35a main.o
                0x0000134c                main
 .text.libgcc.div
                0x000016a6       0x44 c:/program files (x86)/atmel/studio/7.0/toolchain/avr8/avr8-gnu-toolchain/bin/../lib/gcc/avr/4.9.2/avrxmega6\libgcc.a(_udivmodsi4.o)
                0x000016a6                __udivmodsi4
 .text.libgcc.div
                0x000016ea       0x2e c:/program files (x86)/atmel/studio/7.0/toolchain/avr8/avr8-gnu-toolchain/bin/../lib/gcc/avr/4.9.2/avrxmega6\libgcc.a(_divmodsi4.o)
                0x000016ea                __divmodsi4
 .text.libgcc.div
                0x00001718       0x10 c:/program files (x86)/atmel/studio/7.0/toolchain/avr8/avr8-gnu-toolchain/bin/../lib/gcc/avr/4.9.2/avrxmega6\libgcc.a(_negsi2.o)
                0x00001718                __negsi2
 .text.avr-libc
                0x00001728       0x3c c:/program files (x86)/atmel/studio/7.0/toolchain/avr8/avr8-gnu-toolchain/bin/../lib/gcc/avr/4.9.2/../../../../avr/lib/avrxmega6\libc.a(atoi.o)
                0x00001728                atoi
 .text.avr-libc
                0x00001764        0x8 c:/program files (x86)/atmel/studio/7.0/toolchain/avr8/avr8-gnu-toolchain/bin/../lib/gcc/avr/4.9.2/../../../../avr/lib/avrxmega6\libc.a(strtok.o)
                0x00001764                strtok
 .text.avr-libc
                0x0000176c       0x12 c:/program files (x86)/atmel/studio/7.0/toolchain/avr8/avr8-gnu-toolchain/bin/../lib/gcc/avr/4.9.2/../../../../avr/lib/avrxmega6\libc.a(strcmp.o)
                0x0000176c                strcmp
 .text.avr-libc
                0x0000177e        0xe c:/program files (x86)/atmel/studio/7.0/toolchain/avr8/avr8-gnu-toolchain/bin/../lib/gcc/avr/4.9.2/../../../../avr/lib/avrxmega6\libc.a(strcpy.o)
                0x0000177e                strcpy
 .text.avr-libc
                0x0000178c       0x4e c:/program files (x86)/atmel/studio/7.0/toolchain/avr8/avr8-gnu-toolchain/bin/../lib/gcc/avr/4.9.2/../../../../avr/lib/avrxmega6\libc.a(strtok_r.o)
                0x0000178c                strtok_r
 .text.avr-libc
                0x000017da       0x10 c:/program files (x86)/atmel/studio/7.0/toolchain/avr8/avr8-gnu-toolchain/bin/../lib/gcc/avr/4.9.2/../../../../avr/lib/avrxmega6\libc.a(mul10.o)
                0x000017da                __mulhi_const_10
 .text.avr-libc
                0x000017ea       0x28 c:/program files (x86)/atmel/studio/7.0/toolchain/avr8/avr8-gnu-toolchain/bin/../lib/gcc/avr/4.9.2/../../../../avr/lib/avrxmega6\libc.a(printf.o)
                0x000017ea                printf
 .text.avr-libc
                0x00001812       0x60 c:/program files (x86)/atmel/studio/7.0/toolchain/avr8/avr8-gnu-toolchain/bin/../lib/gcc/avr/4.9.2/../../../../avr/lib/avrxmega6\libc.a(puts.o)
                0x00001812                puts
 .text.avr-libc
                0x00001872       0x54 c:/program files (x86)/atmel/studio/7.0/toolchain/avr8/avr8-gnu-toolchain/bin/../lib/gcc/avr/4.9.2/../../../../avr/lib/avrxmega6\libc.a(sprintf.o)
                0x00001872                sprintf
 .text.avr-libc
                0x000018c6      0x3ea c:/program files (x86)/atmel/studio/7.0/toolchain/avr8/avr8-gnu-toolchain/bin/../lib/gcc/avr/4.9.2/../../../../avr/lib/avrxmega6\libc.a(vfprintf_std.o)
                0x000018c6                vfprintf
 .text.avr-libc
                0x00001cb0       0x16 c:/program files (x86)/atmel/studio/7.0/toolchain/avr8/avr8-gnu-toolchain/bin/../lib/gcc/avr/4.9.2/../../../../avr/lib/avrxmega6\libc.a(strnlen_P.o)
                0x00001cb0                strnlen_P
 .text.avr-libc
                0x00001cc6       0x16 c:/program files (x86)/atmel/studio/7.0/toolchain/avr8/avr8-gnu-toolchain/bin/../lib/gcc/avr/4.9.2/../../../../avr/lib/avrxmega6\libc.a(strnlen.o)
                0x00001cc6                strnlen
 .text.avr-libc
                0x00001cdc       0x70 c:/program files (x86)/atmel/studio/7.0/toolchain/avr8/avr8-gnu-toolchain/bin/../lib/gcc/avr/4.9.2/../../../../avr/lib/avrxmega6\libc.a(fputc.o)
                0x00001cdc                fputc
 .text.avr-libc
                0x00001d4c       0xbc c:/program files (x86)/atmel/studio/7.0/toolchain/avr8/avr8-gnu-toolchain/bin/../lib/gcc/avr/4.9.2/../../../../avr/lib/avrxmega6\libc.a(ultoa_invert.o)
                0x00001d4c                __ultoa_invert
                0x00001e08                . = ALIGN (0x2)
 *(.fini9)
 .fini9         0x00001e08        0x0 c:/program files (x86)/atmel/studio/7.0/toolchain/avr8/avr8-gnu-toolchain/bin/../lib/gcc/avr/4.9.2/avrxmega6\libgcc.a(_exit.o)
                0x00001e08                _exit
                0x00001e08                exit
 *(.fini9)
 *(.fini8)
 *(.fini8)
 *(.fini7)
 *(.fini7)
 *(.fini6)
 *(.fini6)
 *(.fini5)
 *(.fini5)
 *(.fini4)
 *(.fini4)
 *(.fini3)
 *(.fini3)
 *(.fini2)
 *(.fini2)
 *(.fini1)
 *(.fini1)
 *(.fini0)
 .fini0         0x00001e08        0x4 c:/program files (x86)/atmel/studio/7.0/toolchain/avr8/avr8-gnu-toolchain/bin/../lib/gcc/avr/4.9.2/avrxmega6\libgcc.a(_exit.o)
 *(.fini0)
                0x00001e0c                _etext = .

.data           0x00802000      0x77c load address 0x00001e0c
                0x00802000                PROVIDE (__data_start, .)
 *(.data)
 *(.data*)
 .data.Font08px_126
                0x00802000        0x6 Additional_Drivers/ssd1306/font.o
                0x00802000                Font08px_126
 .data.Font08px_125
                0x00802006        0x4 Additional_Drivers/ssd1306/font.o
                0x00802006                Font08px_125
 .data.Font08px_124
                0x0080200a        0x2 Additional_Drivers/ssd1306/font.o
                0x0080200a                Font08px_124
 .data.Font08px_123
                0x0080200c        0x4 Additional_Drivers/ssd1306/font.o
                0x0080200c                Font08px_123
 .data.Font08px_lz
                0x00802010        0x4 Additional_Drivers/ssd1306/font.o
                0x00802010                Font08px_lz
 .data.Font08px_ly
                0x00802014        0x5 Additional_Drivers/ssd1306/font.o
                0x00802014                Font08px_ly
 .data.Font08px_lx
                0x00802019        0x6 Additional_Drivers/ssd1306/font.o
                0x00802019                Font08px_lx
 .data.Font08px_lw
                0x0080201f        0x6 Additional_Drivers/ssd1306/font.o
                0x0080201f                Font08px_lw
 .data.Font08px_lv
                0x00802025        0x6 Additional_Drivers/ssd1306/font.o
                0x00802025                Font08px_lv
 .data.Font08px_lu
                0x0080202b        0x5 Additional_Drivers/ssd1306/font.o
                0x0080202b                Font08px_lu
 .data.Font08px_lt
                0x00802030        0x4 Additional_Drivers/ssd1306/font.o
                0x00802030                Font08px_lt
 .data.Font08px_ls
                0x00802034        0x5 Additional_Drivers/ssd1306/font.o
                0x00802034                Font08px_ls
 .data.Font08px_lr
                0x00802039        0x4 Additional_Drivers/ssd1306/font.o
                0x00802039                Font08px_lr
 .data.Font08px_lq
                0x0080203d        0x5 Additional_Drivers/ssd1306/font.o
                0x0080203d                Font08px_lq
 .data.Font08px_lp
                0x00802042        0x5 Additional_Drivers/ssd1306/font.o
                0x00802042                Font08px_lp
 .data.Font08px_lo
                0x00802047        0x5 Additional_Drivers/ssd1306/font.o
                0x00802047                Font08px_lo
 .data.Font08px_ln
                0x0080204c        0x5 Additional_Drivers/ssd1306/font.o
                0x0080204c                Font08px_ln
 .data.Font08px_lm
                0x00802051        0x6 Additional_Drivers/ssd1306/font.o
                0x00802051                Font08px_lm
 .data.Font08px_ll
                0x00802057        0x2 Additional_Drivers/ssd1306/font.o
                0x00802057                Font08px_ll
 .data.Font08px_lk
                0x00802059        0x5 Additional_Drivers/ssd1306/font.o
                0x00802059                Font08px_lk
 .data.Font08px_lj
                0x0080205e        0x3 Additional_Drivers/ssd1306/font.o
                0x0080205e                Font08px_lj
 .data.Font08px_li
                0x00802061        0x2 Additional_Drivers/ssd1306/font.o
                0x00802061                Font08px_li
 .data.Font08px_lh
                0x00802063        0x5 Additional_Drivers/ssd1306/font.o
                0x00802063                Font08px_lh
 .data.Font08px_lg
                0x00802068        0x5 Additional_Drivers/ssd1306/font.o
                0x00802068                Font08px_lg
 .data.Font08px_lf
                0x0080206d        0x4 Additional_Drivers/ssd1306/font.o
                0x0080206d                Font08px_lf
 .data.Font08px_le
                0x00802071        0x5 Additional_Drivers/ssd1306/font.o
                0x00802071                Font08px_le
 .data.Font08px_ld
                0x00802076        0x5 Additional_Drivers/ssd1306/font.o
                0x00802076                Font08px_ld
 .data.Font08px_lc
                0x0080207b        0x5 Additional_Drivers/ssd1306/font.o
                0x0080207b                Font08px_lc
 .data.Font08px_lb
                0x00802080        0x5 Additional_Drivers/ssd1306/font.o
                0x00802080                Font08px_lb
 .data.Font08px_la
                0x00802085        0x5 Additional_Drivers/ssd1306/font.o
                0x00802085                Font08px_la
 .data.Font08px_96
                0x0080208a        0x3 Additional_Drivers/ssd1306/font.o
                0x0080208a                Font08px_96
 .data.Font08px_95
                0x0080208d        0x4 Additional_Drivers/ssd1306/font.o
                0x0080208d                Font08px_95
 .data.Font08px_94
                0x00802091        0x4 Additional_Drivers/ssd1306/font.o
                0x00802091                Font08px_94
 .data.Font08px_93
                0x00802095        0x4 Additional_Drivers/ssd1306/font.o
                0x00802095                Font08px_93
 .data.Font08px_92
                0x00802099        0x4 Additional_Drivers/ssd1306/font.o
                0x00802099                Font08px_92
 .data.Font08px_91
                0x0080209d        0x4 Additional_Drivers/ssd1306/font.o
                0x0080209d                Font08px_91
 .data.Font08px_UZ
                0x008020a1        0x6 Additional_Drivers/ssd1306/font.o
                0x008020a1                Font08px_UZ
 .data.Font08px_UY
                0x008020a7        0x6 Additional_Drivers/ssd1306/font.o
                0x008020a7                Font08px_UY
 .data.Font08px_UX
                0x008020ad        0x6 Additional_Drivers/ssd1306/font.o
                0x008020ad                Font08px_UX
 .data.Font08px_UW
                0x008020b3        0x6 Additional_Drivers/ssd1306/font.o
                0x008020b3                Font08px_UW
 .data.Font08px_UV
                0x008020b9        0x6 Additional_Drivers/ssd1306/font.o
                0x008020b9                Font08px_UV
 .data.Font08px_UU
                0x008020bf        0x5 Additional_Drivers/ssd1306/font.o
                0x008020bf                Font08px_UU
 .data.Font08px_UT
                0x008020c4        0x6 Additional_Drivers/ssd1306/font.o
                0x008020c4                Font08px_UT
 .data.Font08px_US
                0x008020ca        0x5 Additional_Drivers/ssd1306/font.o
                0x008020ca                Font08px_US
 .data.Font08px_UR
                0x008020cf        0x5 Additional_Drivers/ssd1306/font.o
                0x008020cf                Font08px_UR
 .data.Font08px_UQ
                0x008020d4        0x6 Additional_Drivers/ssd1306/font.o
                0x008020d4                Font08px_UQ
 .data.Font08px_UP
                0x008020da        0x5 Additional_Drivers/ssd1306/font.o
                0x008020da                Font08px_UP
 .data.Font08px_UO
                0x008020df        0x5 Additional_Drivers/ssd1306/font.o
                0x008020df                Font08px_UO
 .data.Font08px_UN
                0x008020e4        0x6 Additional_Drivers/ssd1306/font.o
                0x008020e4                Font08px_UN
 .data.Font08px_UM
                0x008020ea        0x6 Additional_Drivers/ssd1306/font.o
                0x008020ea                Font08px_UM
 .data.Font08px_UL
                0x008020f0        0x5 Additional_Drivers/ssd1306/font.o
                0x008020f0                Font08px_UL
 .data.Font08px_UK
                0x008020f5        0x6 Additional_Drivers/ssd1306/font.o
                0x008020f5                Font08px_UK
 .data.Font08px_UJ
                0x008020fb        0x5 Additional_Drivers/ssd1306/font.o
                0x008020fb                Font08px_UJ
 .data.Font08px_UI
                0x00802100        0x4 Additional_Drivers/ssd1306/font.o
                0x00802100                Font08px_UI
 .data.Font08px_UH
                0x00802104        0x5 Additional_Drivers/ssd1306/font.o
                0x00802104                Font08px_UH
 .data.Font08px_UG
                0x00802109        0x6 Additional_Drivers/ssd1306/font.o
                0x00802109                Font08px_UG
 .data.Font08px_UF
                0x0080210f        0x5 Additional_Drivers/ssd1306/font.o
                0x0080210f                Font08px_UF
 .data.Font08px_UE
                0x00802114        0x5 Additional_Drivers/ssd1306/font.o
                0x00802114                Font08px_UE
 .data.Font08px_UD
                0x00802119        0x5 Additional_Drivers/ssd1306/font.o
                0x00802119                Font08px_UD
 .data.Font08px_UC
                0x0080211e        0x5 Additional_Drivers/ssd1306/font.o
                0x0080211e                Font08px_UC
 .data.Font08px_UB
                0x00802123        0x5 Additional_Drivers/ssd1306/font.o
                0x00802123                Font08px_UB
 .data.Font08px_UA
                0x00802128        0x6 Additional_Drivers/ssd1306/font.o
                0x00802128                Font08px_UA
 .data.Font08px_64
                0x0080212e        0x9 Additional_Drivers/ssd1306/font.o
                0x0080212e                Font08px_64
 .data.Font08px_63
                0x00802137        0x6 Additional_Drivers/ssd1306/font.o
                0x00802137                Font08px_63
 .data.Font08px_62
                0x0080213d        0x5 Additional_Drivers/ssd1306/font.o
                0x0080213d                Font08px_62
 .data.Font08px_61
                0x00802142        0x5 Additional_Drivers/ssd1306/font.o
                0x00802142                Font08px_61
 .data.Font08px_60
                0x00802147        0x5 Additional_Drivers/ssd1306/font.o
                0x00802147                Font08px_60
 .data.Font08px_59
                0x0080214c        0x2 Additional_Drivers/ssd1306/font.o
                0x0080214c                Font08px_59
 .data.Font08px_58
                0x0080214e        0x2 Additional_Drivers/ssd1306/font.o
                0x0080214e                Font08px_58
 .data.Font08px_N9
                0x00802150        0x6 Additional_Drivers/ssd1306/font.o
                0x00802150                Font08px_N9
 .data.Font08px_N8
                0x00802156        0x6 Additional_Drivers/ssd1306/font.o
                0x00802156                Font08px_N8
 .data.Font08px_N7
                0x0080215c        0x6 Additional_Drivers/ssd1306/font.o
                0x0080215c                Font08px_N7
 .data.Font08px_N6
                0x00802162        0x6 Additional_Drivers/ssd1306/font.o
                0x00802162                Font08px_N6
 .data.Font08px_N5
                0x00802168        0x6 Additional_Drivers/ssd1306/font.o
                0x00802168                Font08px_N5
 .data.Font08px_N4
                0x0080216e        0x6 Additional_Drivers/ssd1306/font.o
                0x0080216e                Font08px_N4
 .data.Font08px_N3
                0x00802174        0x6 Additional_Drivers/ssd1306/font.o
                0x00802174                Font08px_N3
 .data.Font08px_N2
                0x0080217a        0x6 Additional_Drivers/ssd1306/font.o
                0x0080217a                Font08px_N2
 .data.Font08px_N1
                0x00802180        0x6 Additional_Drivers/ssd1306/font.o
                0x00802180                Font08px_N1
 .data.Font08px_N0
                0x00802186        0x6 Additional_Drivers/ssd1306/font.o
                0x00802186                Font08px_N0
 .data.Font08px_47
                0x0080218c        0x4 Additional_Drivers/ssd1306/font.o
                0x0080218c                Font08px_47
 .data.Font08px_46
                0x00802190        0x2 Additional_Drivers/ssd1306/font.o
                0x00802190                Font08px_46
 .data.Font08px_45
                0x00802192        0x4 Additional_Drivers/ssd1306/font.o
                0x00802192                Font08px_45
 .data.Font08px_44
                0x00802196        0x2 Additional_Drivers/ssd1306/font.o
                0x00802196                Font08px_44
 .data.Font08px_43
                0x00802198        0x4 Additional_Drivers/ssd1306/font.o
                0x00802198                Font08px_43
 .data.Font08px_42
                0x0080219c        0x4 Additional_Drivers/ssd1306/font.o
                0x0080219c                Font08px_42
 .data.Font08px_41
                0x008021a0        0x4 Additional_Drivers/ssd1306/font.o
                0x008021a0                Font08px_41
 .data.Font08px_40
                0x008021a4        0x4 Additional_Drivers/ssd1306/font.o
                0x008021a4                Font08px_40
 .data.Font08px_39
                0x008021a8        0x2 Additional_Drivers/ssd1306/font.o
                0x008021a8                Font08px_39
 .data.Font08px_38
                0x008021aa        0x6 Additional_Drivers/ssd1306/font.o
                0x008021aa                Font08px_38
 .data.Font08px_37
                0x008021b0        0x6 Additional_Drivers/ssd1306/font.o
                0x008021b0                Font08px_37
 .data.Font08px_36
                0x008021b6        0x6 Additional_Drivers/ssd1306/font.o
                0x008021b6                Font08px_36
 .data.Font08px_35
                0x008021bc        0x6 Additional_Drivers/ssd1306/font.o
                0x008021bc                Font08px_35
 .data.Font08px_34
                0x008021c2        0x4 Additional_Drivers/ssd1306/font.o
                0x008021c2                Font08px_34
 .data.Font08px_33
                0x008021c6        0x2 Additional_Drivers/ssd1306/font.o
                0x008021c6                Font08px_33
 .data.Font08px_32
                0x008021c8        0x3 Additional_Drivers/ssd1306/font.o
                0x008021c8                Font08px_32
 .data.font_table
                0x008021cb       0xbe Additional_Drivers/ssd1306/font.o
                0x008021cb                font_table
 .data.esp8266_rx_buff_write_p
                0x00802289        0x2 main.o
                0x00802289                esp8266_rx_buff_write_p
 *(.rodata)
 *(.rodata*)
 .rodata.str1.1
                0x0080228b      0x4f0 main.o
                                0x4f6 (size before relaxing)
 *(.gnu.linkonce.d*)
                0x0080277c                . = ALIGN (0x2)
 *fill*         0x0080277b        0x1 
                0x0080277c                _edata = .
                0x0080277c                PROVIDE (__data_end, .)

.bss            0x0080277c      0x40a
                0x0080277c                PROVIDE (__bss_start, .)
 *(.bss)
 .bss           0x0080277c        0x2 c:/program files (x86)/atmel/studio/7.0/toolchain/avr8/avr8-gnu-toolchain/bin/../lib/gcc/avr/4.9.2/../../../../avr/lib/avrxmega6\libc.a(strtok.o)
 *(.bss*)
 .bss.esp8266_rx_timesnap
                0x0080277e        0x4 main.o
                0x0080277e                esp8266_rx_timesnap
 .bss.esp8266_buff_receive_complete
                0x00802782        0x1 main.o
                0x00802782                esp8266_buff_receive_complete
 .bss.esp8266_buff_write_enabled
                0x00802783        0x1 main.o
                0x00802783                esp8266_buff_write_enabled
 .bss.fbpointer
                0x00802784        0x2 main.o
 .bss.framebuffer
                0x00802786      0x200 main.o
 .bss.rtc_tick  0x00802986        0x4 main.o
                0x00802986                rtc_tick
 *(COMMON)
 COMMON         0x0080298a      0x1f6 main.o
                0x0080298a                esp8266_rx_buff_charcount
                0x0080298c                esp8266_rx_buff
 COMMON         0x00802b80        0x6 c:/program files (x86)/atmel/studio/7.0/toolchain/avr8/avr8-gnu-toolchain/bin/../lib/gcc/avr/4.9.2/../../../../avr/lib/avrxmega6\libc.a(iob.o)
                0x00802b80                __iob
                0x00802b86                PROVIDE (__bss_end, .)
                0x00001e0c                __data_load_start = LOADADDR (.data)
                0x00002588                __data_load_end = (__data_load_start + SIZEOF (.data))

.noinit         0x00802b86        0x0
                0x00802b86                PROVIDE (__noinit_start, .)
 *(.noinit*)
                0x00802b86                PROVIDE (__noinit_end, .)
                0x00802b86                _end = .
                0x00802b86                PROVIDE (__heap_start, .)

.eeprom         0x00810000        0x0
 *(.eeprom*)
                0x00810000                __eeprom_end = .

.fuse
 *(.fuse)
 *(.lfuse)
 *(.hfuse)
 *(.efuse)

.lock
 *(.lock*)

.signature
 *(.signature*)

.user_signatures
 *(.user_signatures*)

.stab
 *(.stab)

.stabstr
 *(.stabstr)

.stab.excl
 *(.stab.excl)

.stab.exclstr
 *(.stab.exclstr)

.stab.index
 *(.stab.index)

.stab.indexstr
 *(.stab.indexstr)

.comment        0x00000000       0x5c
 *(.comment)
 .comment       0x00000000       0x30 Additional_Drivers/ssd1306/font.o
                                 0x31 (size before relaxing)
 .comment       0x00000030       0x31 main.o
 .comment       0x00000030       0x31 c:/program files (x86)/atmel/studio/7.0/toolchain/avr8/avr8-gnu-toolchain/bin/../lib/gcc/avr/4.9.2/../../../../avr/lib/avrxmega6\libc.a(strtok.o)
 .comment       0x00000030       0x31 c:/program files (x86)/atmel/studio/7.0/toolchain/avr8/avr8-gnu-toolchain/bin/../lib/gcc/avr/4.9.2/../../../../avr/lib/avrxmega6\libc.a(iob.o)
 .comment       0x00000030       0x31 c:/program files (x86)/atmel/studio/7.0/toolchain/avr8/avr8-gnu-toolchain/bin/../lib/gcc/avr/4.9.2/../../../../avr/lib/avrxmega6\libc.a(printf.o)
 .comment       0x00000030       0x31 c:/program files (x86)/atmel/studio/7.0/toolchain/avr8/avr8-gnu-toolchain/bin/../lib/gcc/avr/4.9.2/../../../../avr/lib/avrxmega6\libc.a(puts.o)
 .comment       0x00000030       0x31 c:/program files (x86)/atmel/studio/7.0/toolchain/avr8/avr8-gnu-toolchain/bin/../lib/gcc/avr/4.9.2/../../../../avr/lib/avrxmega6\libc.a(sprintf.o)
 .comment       0x00000030       0x2c c:/program files (x86)/atmel/studio/7.0/toolchain/avr8/avr8-gnu-toolchain/bin/../lib/gcc/avr/4.9.2/../../../../avr/lib/avrxmega6\libc.a(vfprintf_std.o)
                                 0x2d (size before relaxing)
 .comment       0x0000005c       0x31 c:/program files (x86)/atmel/studio/7.0/toolchain/avr8/avr8-gnu-toolchain/bin/../lib/gcc/avr/4.9.2/../../../../avr/lib/avrxmega6\libc.a(fputc.o)

.note.gnu.avr.deviceinfo
                0x00000000       0x40
 .note.gnu.avr.deviceinfo
                0x00000000       0x40 C:/Program Files (x86)/Atmel/Studio/7.0/Packs/atmel/XMEGAC_DFP/1.0.27/gcc/dev/atxmega384c3/avrxmega6/crtatxmega384c3.o

.note.gnu.build-id
 *(.note.gnu.build-id)

.debug
 *(.debug)

.line
 *(.line)

.debug_srcinfo
 *(.debug_srcinfo)

.debug_sfnames
 *(.debug_sfnames)

.debug_aranges  0x00000000      0x428
 *(.debug_aranges)
 .debug_aranges
                0x00000000       0x18 Additional_Drivers/ssd1306/font.o
 .debug_aranges
                0x00000018      0x410 main.o

.debug_pubnames
 *(.debug_pubnames)

.debug_info     0x00000000     0x5a23
 *(.debug_info .gnu.linkonce.wi.*)
 .debug_info    0x00000000      0x7ec Additional_Drivers/ssd1306/font.o
 .debug_info    0x000007ec     0x5237 main.o

.debug_abbrev   0x00000000      0x6ec
 *(.debug_abbrev)
 .debug_abbrev  0x00000000       0x70 Additional_Drivers/ssd1306/font.o
 .debug_abbrev  0x00000070      0x67c main.o

.debug_line     0x00000000     0x1156
 *(.debug_line .debug_line.* .debug_line_end)
 .debug_line    0x00000000       0xa4 Additional_Drivers/ssd1306/font.o
 .debug_line    0x000000a4     0x10b2 main.o

.debug_frame    0x00000000      0xe18
 *(.debug_frame)
 .debug_frame   0x00000000      0xe18 main.o

.debug_str      0x00000000     0x2b3e
 *(.debug_str)
 .debug_str     0x00000000      0x5ea Additional_Drivers/ssd1306/font.o
                                0x61e (size before relaxing)
 .debug_str     0x000005ea     0x2554 main.o
                               0x2794 (size before relaxing)

.debug_loc      0x00000000     0x3fff
 *(.debug_loc)
 .debug_loc     0x00000000     0x3fff main.o

.debug_macinfo
 *(.debug_macinfo)

.debug_weaknames
 *(.debug_weaknames)

.debug_funcnames
 *(.debug_funcnames)

.debug_typenames
 *(.debug_typenames)

.debug_varnames
 *(.debug_varnames)

.debug_pubtypes
 *(.debug_pubtypes)

.debug_ranges   0x00000000      0x418
 *(.debug_ranges)
 .debug_ranges  0x00000000      0x418 main.o

.debug_macro
 *(.debug_macro)
OUTPUT(c3_fieldfare.elf elf32-avr)
LOAD linker stubs
